[backblue.gif]
[fade.gif]
[index.html]
[localhost/Fotoclick2001/comments/feed/index.html]
[localhost/Fotoclick2001/feed/index.html]
[localhost/Fotoclick2001/wp-includes/js/jquery/jquery.minf43b.js]
[localhost/Fotoclick2001/wp-includes/js/jquery/jquery-migrate.min5589.js]
[localhost/Fotoclick2001/wp-json/wp/v2/pages/368.json]
[localhost/Fotoclick2001/wp-json/index.html]
[localhost/Fotoclick2001/xmlrpc0db0.php]
[localhost/Fotoclick2001/wp-json/oembed/1.0/embed0c1d.json]
[localhost/Fotoclick2001/wp-json/oembed/1.0/embedcf83]
[localhost/Fotoclick2001/wp-content/uploads/2024/05/tb-logo-gilet-2-246961-158325715969183_2_246961-158331222766749-1.png]
[localhost/Fotoclick2001/wp-content/uploads/2024/05/c0cec3b0-bfbb-49df-a8e9-a9ad5a23f0b2.jpg]
[localhost/Fotoclick2001/wp-content/uploads/2022/05/tripod.png]
[localhost/Fotoclick2001/wp-content/uploads/2022/04/gallery-04.jpg]
[localhost/Fotoclick2001/wp-content/uploads/2022/04/gallery-03.jpg]
[localhost/Fotoclick2001/wp-content/uploads/2022/04/gallery-07.jpg]
[localhost/Fotoclick2001/wp-content/uploads/2022/04/gallery-09.jpg]
[localhost/Fotoclick2001/wp-content/uploads/2022/04/gallery-08.jpg]
[localhost/Fotoclick2001/wp-content/uploads/2022/04/gallery-02.jpg]
[localhost/Fotoclick2001/wp-content/uploads/2022/04/gallery-06.jpg]
[localhost/Fotoclick2001/wp-content/uploads/2022/04/gallery-01.jpg]
[localhost/Fotoclick2001/wp-content/uploads/2022/04/gallery-05.jpg]
[localhost/Fotoclick2001/wp-content/uploads/2022/05/owp-people-10.jpg]
[localhost/Fotoclick2001/wp-includes/js/imagesloaded.minbb93.js]
[localhost/Fotoclick2001/wp-content/themes/oceanwp/assets/js/theme.min10cb.js]
[localhost/Fotoclick2001/wp-content/themes/oceanwp/assets/js/full-screen-menu.min10cb.js]
[localhost/Fotoclick2001/wp-content/themes/oceanwp/assets/js/vendors/sidr10cb.js]
[localhost/Fotoclick2001/wp-content/themes/oceanwp/assets/js/sidebar-mobile-menu.min10cb.js]
[localhost/Fotoclick2001/wp-content/themes/oceanwp/assets/js/vendors/magnific-popup.min10cb.js]
[localhost/Fotoclick2001/wp-content/themes/oceanwp/assets/js/ow-lightbox.min10cb.js]
[localhost/Fotoclick2001/wp-content/themes/oceanwp/assets/js/vendors/flickity.pkgd.min10cb.js]
[localhost/Fotoclick2001/wp-content/themes/oceanwp/assets/js/ow-slider.min10cb.js]
[localhost/Fotoclick2001/wp-content/themes/oceanwp/assets/js/scroll-effect.min10cb.js]
[localhost/Fotoclick2001/wp-content/themes/oceanwp/assets/js/scroll-top.min10cb.js]
[localhost/Fotoclick2001/wp-content/themes/oceanwp/assets/js/select.min10cb.js]
[localhost/Fotoclick2001/wp-content/plugins/elementor/assets/js/webpack.runtime.min4ecf.js]
[localhost/Fotoclick2001/wp-content/plugins/elementor/assets/js/frontend-modules.min4ecf.js]
[localhost/Fotoclick2001/wp-content/plugins/elementor/assets/lib/waypoints/waypoints.min05da.js]
[localhost/Fotoclick2001/wp-includes/js/jquery/ui/core.min3f14.js]
[localhost/Fotoclick2001/wp-content/plugins/elementor/assets/js/frontend.min4ecf.js]
[localhost/Fotoclick2001/index.html]
[localhost/Fotoclick2001/wp-content/plugins/elementor/assets/css/frontend-lite.min4ecf.css]
[localhost/Fotoclick2001/wp-content/uploads/elementor/css/post-47875cb.css]
[localhost/Fotoclick2001/wp-content/themes/oceanwp/assets/fonts/fontawesome/webfonts/fa-brands-400.woff2]
[localhost/Fotoclick2001/wp-content/themes/oceanwp/assets/fonts/fontawesome/webfonts/fa-brands-400.ttf]
[localhost/Fotoclick2001/wp-content/themes/oceanwp/assets/fonts/fontawesome/webfonts/fa-regular-400.woff2]
[localhost/Fotoclick2001/wp-content/themes/oceanwp/assets/fonts/fontawesome/webfonts/fa-regular-400.ttf]
[localhost/Fotoclick2001/wp-content/themes/oceanwp/assets/fonts/fontawesome/webfonts/fa-solid-900.woff2]
[localhost/Fotoclick2001/wp-content/themes/oceanwp/assets/fonts/fontawesome/webfonts/fa-solid-900.ttf]
[localhost/Fotoclick2001/wp-content/themes/oceanwp/assets/fonts/fontawesome/webfonts/fa-v4compatibility.woff2]
[localhost/Fotoclick2001/wp-content/themes/oceanwp/assets/fonts/fontawesome/webfonts/fa-v4compatibility.ttf]
[localhost/Fotoclick2001/wp-content/themes/oceanwp/assets/fonts/fontawesome/css/all.min1e39.css]
[localhost/Fotoclick2001/wp-content/themes/oceanwp/assets/fonts/simple-line-icons/Simple-Line-Iconsb26c.eot]
[localhost/Fotoclick2001/wp-content/themes/oceanwp/assets/fonts/simple-line-icons/Simple-Line-Iconsb26c.woff2]
[localhost/Fotoclick2001/wp-content/themes/oceanwp/assets/fonts/simple-line-icons/Simple-Line-Iconsb26c.ttf]
[localhost/Fotoclick2001/wp-content/themes/oceanwp/assets/fonts/simple-line-icons/Simple-Line-Iconsb26c.woff]
[localhost/Fotoclick2001/wp-content/themes/oceanwp/assets/css/third/simple-line-icons.min8d5a.css]
[localhost/Fotoclick2001/wp-content/themes/oceanwp/assets/css/style.min10cb.css]
[localhost/Fotoclick2001/wp-content/themes/oceanwp/assets/css/third/hamburgers/hamburgers.min10cb.css]
[localhost/Fotoclick2001/wp-content/themes/oceanwp/assets/css/third/hamburgers/types/minus10cb.css]
[localhost/Fotoclick2001/wp-content/plugins/elementor/assets/lib/swiper/v8/css/swiper.min94a4.css]
[localhost/Fotoclick2001/wp-content/uploads/elementor/css/post-646cbe7.css]
[localhost/Fotoclick2001/wp-content/uploads/elementor/css/post-36806d7.css]
[localhost/Fotoclick2001/wp-content/plugins/ocean-extra/assets/img/instagram-logo.png]
[localhost/Fotoclick2001/wp-content/plugins/ocean-extra/assets/img/flickr.png]
[localhost/Fotoclick2001/wp-content/plugins/ocean-extra/assets/css/widgetsef10.css]
[localhost/Fotoclick2001/wp-content/plugins/elementor/assets/lib/animations/animations.min4ecf.css]
[localhost/Fotoclick2001/wp-content/themes/oceanwp/assets/fonts/simple-line-icons/Simple-Line-Iconsb26c.svg]
[localhost/Fotoclick2001/wp-content/plugins/elementor/assets/mask-shapes/circle.svg]
